Archive member included to satisfy reference by file (symbol)

c:/program files (x86)/atmel/studio/7.0/toolchain/avr8/avr8-gnu-toolchain/bin/../lib/gcc/avr/5.4.0/avr5\libgcc.a(_divmodhi4.o)
                              library/LCD/lcd_hd44780_avr.o (__divmodhi4)
c:/program files (x86)/atmel/studio/7.0/toolchain/avr8/avr8-gnu-toolchain/bin/../lib/gcc/avr/5.4.0/avr5\libgcc.a(_exit.o)
                              C:/Program Files (x86)/Atmel/Studio/7.0/Packs/atmel/ATmega_DFP/1.3.300/gcc/dev/atmega32/avr5/crtatmega32.o (exit)
c:/program files (x86)/atmel/studio/7.0/toolchain/avr8/avr8-gnu-toolchain/bin/../lib/gcc/avr/5.4.0/avr5\libgcc.a(_copy_data.o)
                              library/LCD/lcd_hd44780_avr.o (__do_copy_data)
c:/program files (x86)/atmel/studio/7.0/toolchain/avr8/avr8-gnu-toolchain/bin/../lib/gcc/avr/5.4.0/avr5\libgcc.a(_clear_bss.o)
                              library/DHT11/DHT11_Program.o (__do_clear_bss)
c:/program files (x86)/atmel/studio/7.0/toolchain/avr8/avr8-gnu-toolchain/bin/../lib/gcc/avr/5.4.0/avr5\libgcc.a(_udivmodhi4.o)
                              c:/program files (x86)/atmel/studio/7.0/toolchain/avr8/avr8-gnu-toolchain/bin/../lib/gcc/avr/5.4.0/avr5\libgcc.a(_divmodhi4.o) (__udivmodhi4)

Allocating common symbols
Common symbol       size              file

Check_Sum           0x1               library/DHT11/DHT11_Program.o
Integer_Temp        0x1               library/DHT11/DHT11_Program.o
Decimal_Temp        0x1               library/DHT11/DHT11_Program.o
Decimal_Humidty     0x1               library/DHT11/DHT11_Program.o
Integer_Humidty     0x1               library/DHT11/DHT11_Program.o

Discarded input sections

 .data          0x00000000        0x0 C:/Program Files (x86)/Atmel/Studio/7.0/Packs/atmel/ATmega_DFP/1.3.300/gcc/dev/atmega32/avr5/crtatmega32.o
 .bss           0x00000000        0x0 C:/Program Files (x86)/Atmel/Studio/7.0/Packs/atmel/ATmega_DFP/1.3.300/gcc/dev/atmega32/avr5/crtatmega32.o
 .text          0x00000000        0x0 ASCG_Program.o
 .data          0x00000000        0x0 ASCG_Program.o
 .bss           0x00000000        0x0 ASCG_Program.o
 .debug_line    0x00000000        0x0 ASCG_Program.o
 .debug_str     0x00000000       0xfe ASCG_Program.o
 .comment       0x00000000       0x31 ASCG_Program.o
 .text          0x00000000        0x0 library/DHT11/DHT11_Program.o
 .data          0x00000000        0x0 library/DHT11/DHT11_Program.o
 .bss           0x00000000        0x0 library/DHT11/DHT11_Program.o
 .text.pu8InitAndReceiveData
                0x00000000      0x136 library/DHT11/DHT11_Program.o
 .text.DHT11_GetValues
                0x00000000       0x26 library/DHT11/DHT11_Program.o
 .bss.ReceivedData.1763
                0x00000000        0x5 library/DHT11/DHT11_Program.o
 .debug_info    0x00000000      0x447 library/DHT11/DHT11_Program.o
 .debug_abbrev  0x00000000      0x198 library/DHT11/DHT11_Program.o
 .debug_loc     0x00000000      0x201 library/DHT11/DHT11_Program.o
 .debug_aranges
                0x00000000       0x28 library/DHT11/DHT11_Program.o
 .debug_ranges  0x00000000       0x18 library/DHT11/DHT11_Program.o
 .debug_line    0x00000000      0x264 library/DHT11/DHT11_Program.o
 .debug_str     0x00000000      0x2ec library/DHT11/DHT11_Program.o
 .comment       0x00000000       0x31 library/DHT11/DHT11_Program.o
 .debug_frame   0x00000000       0x5c library/DHT11/DHT11_Program.o
 COMMON         0x00000000        0x5 library/DHT11/DHT11_Program.o
 .text          0x00000000        0x0 library/DIO/DIO_Program.o
 .data          0x00000000        0x0 library/DIO/DIO_Program.o
 .bss           0x00000000        0x0 library/DIO/DIO_Program.o
 .text.DIO_VidSetPortDirection
                0x00000000       0x20 library/DIO/DIO_Program.o
 .text.DIO_VidSetPortValue
                0x00000000       0x20 library/DIO/DIO_Program.o
 .text.DIO_ToggelPin
                0x00000000       0x68 library/DIO/DIO_Program.o
 .text          0x00000000        0x0 library/EXIT/EXIT_Program.o
 .data          0x00000000        0x0 library/EXIT/EXIT_Program.o
 .bss           0x00000000        0x0 library/EXIT/EXIT_Program.o
 .text.GIE_VidEnable
                0x00000000        0x8 library/EXIT/EXIT_Program.o
 .text.GIE_VidDisable
                0x00000000        0x8 library/EXIT/EXIT_Program.o
 .text          0x00000000        0x0 library/LCD/lcd_hd44780_avr.o
 .data          0x00000000        0x0 library/LCD/lcd_hd44780_avr.o
 .bss           0x00000000        0x0 library/LCD/lcd_hd44780_avr.o
 .text.LCDWriteFString
                0x00000000       0x54 library/LCD/lcd_hd44780_avr.o
 .text          0x00000000        0x0 library/TIMER0/TIMER_Program.o
 .data          0x00000000        0x0 library/TIMER0/TIMER_Program.o
 .bss           0x00000000        0x0 library/TIMER0/TIMER_Program.o
 .text.TIMER0_VoidDutyCycle
                0x00000000        0x4 library/TIMER0/TIMER_Program.o
 .text.TIMER0_VoidSetCallBack
                0x00000000        0xa library/TIMER0/TIMER_Program.o
 .text          0x00000000        0x0 library/TIMER1/TIMER1_Program.o
 .data          0x00000000        0x0 library/TIMER1/TIMER1_Program.o
 .bss           0x00000000        0x0 library/TIMER1/TIMER1_Program.o
 .text          0x00000000        0x0 main.o
 .data          0x00000000        0x0 main.o
 .bss           0x00000000        0x0 main.o
 .text.LCD_Print_Cage_Status
                0x00000000       0x3e main.o
 .text.CheckWater
                0x00000000       0x2e main.o
 .text.CheckCleaning
                0x00000000       0x2e main.o
 .text.Temp     0x00000000       0x72 main.o
 .text.CheckTemp
                0x00000000       0x46 main.o
 .text          0x00000000        0x0 c:/program files (x86)/atmel/studio/7.0/toolchain/avr8/avr8-gnu-toolchain/bin/../lib/gcc/avr/5.4.0/avr5\libgcc.a(_divmodhi4.o)
 .data          0x00000000        0x0 c:/program files (x86)/atmel/studio/7.0/toolchain/avr8/avr8-gnu-toolchain/bin/../lib/gcc/avr/5.4.0/avr5\libgcc.a(_divmodhi4.o)
 .bss           0x00000000        0x0 c:/program files (x86)/atmel/studio/7.0/toolchain/avr8/avr8-gnu-toolchain/bin/../lib/gcc/avr/5.4.0/avr5\libgcc.a(_divmodhi4.o)
 .text.libgcc.mul
                0x00000000        0x0 c:/program files (x86)/atmel/studio/7.0/toolchain/avr8/avr8-gnu-toolchain/bin/../lib/gcc/avr/5.4.0/avr5\libgcc.a(_divmodhi4.o)
 .text.libgcc   0x00000000        0x0 c:/program files (x86)/atmel/studio/7.0/toolchain/avr8/avr8-gnu-toolchain/bin/../lib/gcc/avr/5.4.0/avr5\libgcc.a(_divmodhi4.o)
 .text.libgcc.prologue
                0x00000000        0x0 c:/program files (x86)/atmel/studio/7.0/toolchain/avr8/avr8-gnu-toolchain/bin/../lib/gcc/avr/5.4.0/avr5\libgcc.a(_divmodhi4.o)
 .text.libgcc.builtins
                0x00000000        0x0 c:/program files (x86)/atmel/studio/7.0/toolchain/avr8/avr8-gnu-toolchain/bin/../lib/gcc/avr/5.4.0/avr5\libgcc.a(_divmodhi4.o)
 .text.libgcc.fmul
                0x00000000        0x0 c:/program files (x86)/atmel/studio/7.0/toolchain/avr8/avr8-gnu-toolchain/bin/../lib/gcc/avr/5.4.0/avr5\libgcc.a(_divmodhi4.o)
 .text.libgcc.fixed
                0x00000000        0x0 c:/program files (x86)/atmel/studio/7.0/toolchain/avr8/avr8-gnu-toolchain/bin/../lib/gcc/avr/5.4.0/avr5\libgcc.a(_divmodhi4.o)
 .text          0x00000000        0x0 c:/program files (x86)/atmel/studio/7.0/toolchain/avr8/avr8-gnu-toolchain/bin/../lib/gcc/avr/5.4.0/avr5\libgcc.a(_exit.o)
 .data          0x00000000        0x0 c:/program files (x86)/atmel/studio/7.0/toolchain/avr8/avr8-gnu-toolchain/bin/../lib/gcc/avr/5.4.0/avr5\libgcc.a(_exit.o)
 .bss           0x00000000        0x0 c:/program files (x86)/atmel/studio/7.0/toolchain/avr8/avr8-gnu-toolchain/bin/../lib/gcc/avr/5.4.0/avr5\libgcc.a(_exit.o)
 .text.libgcc.mul
                0x00000000        0x0 c:/program files (x86)/atmel/studio/7.0/toolchain/avr8/avr8-gnu-toolchain/bin/../lib/gcc/avr/5.4.0/avr5\libgcc.a(_exit.o)
 .text.libgcc.div
                0x00000000        0x0 c:/program files (x86)/atmel/studio/7.0/toolchain/avr8/avr8-gnu-toolchain/bin/../lib/gcc/avr/5.4.0/avr5\libgcc.a(_exit.o)
 .text.libgcc   0x00000000        0x0 c:/program files (x86)/atmel/studio/7.0/toolchain/avr8/avr8-gnu-toolchain/bin/../lib/gcc/avr/5.4.0/avr5\libgcc.a(_exit.o)
 .text.libgcc.prologue
                0x00000000        0x0 c:/program files (x86)/atmel/studio/7.0/toolchain/avr8/avr8-gnu-toolchain/bin/../lib/gcc/avr/5.4.0/avr5\libgcc.a(_exit.o)
 .text.libgcc.builtins
                0x00000000        0x0 c:/program files (x86)/atmel/studio/7.0/toolchain/avr8/avr8-gnu-toolchain/bin/../lib/gcc/avr/5.4.0/avr5\libgcc.a(_exit.o)
 .text.libgcc.fmul
                0x00000000        0x0 c:/program files (x86)/atmel/studio/7.0/toolchain/avr8/avr8-gnu-toolchain/bin/../lib/gcc/avr/5.4.0/avr5\libgcc.a(_exit.o)
 .text.libgcc.fixed
                0x00000000        0x0 c:/program files (x86)/atmel/studio/7.0/toolchain/avr8/avr8-gnu-toolchain/bin/../lib/gcc/avr/5.4.0/avr5\libgcc.a(_exit.o)
 .text          0x00000000        0x0 c:/program files (x86)/atmel/studio/7.0/toolchain/avr8/avr8-gnu-toolchain/bin/../lib/gcc/avr/5.4.0/avr5\libgcc.a(_copy_data.o)
 .data          0x00000000        0x0 c:/program files (x86)/atmel/studio/7.0/toolchain/avr8/avr8-gnu-toolchain/bin/../lib/gcc/avr/5.4.0/avr5\libgcc.a(_copy_data.o)
 .bss           0x00000000        0x0 c:/program files (x86)/atmel/studio/7.0/toolchain/avr8/avr8-gnu-toolchain/bin/../lib/gcc/avr/5.4.0/avr5\libgcc.a(_copy_data.o)
 .text.libgcc.mul
                0x00000000        0x0 c:/program files (x86)/atmel/studio/7.0/toolchain/avr8/avr8-gnu-toolchain/bin/../lib/gcc/avr/5.4.0/avr5\libgcc.a(_copy_data.o)
 .text.libgcc.div
                0x00000000        0x0 c:/program files (x86)/atmel/studio/7.0/toolchain/avr8/avr8-gnu-toolchain/bin/../lib/gcc/avr/5.4.0/avr5\libgcc.a(_copy_data.o)
 .text.libgcc   0x00000000        0x0 c:/program files (x86)/atmel/studio/7.0/toolchain/avr8/avr8-gnu-toolchain/bin/../lib/gcc/avr/5.4.0/avr5\libgcc.a(_copy_data.o)
 .text.libgcc.prologue
                0x00000000        0x0 c:/program files (x86)/atmel/studio/7.0/toolchain/avr8/avr8-gnu-toolchain/bin/../lib/gcc/avr/5.4.0/avr5\libgcc.a(_copy_data.o)
 .text.libgcc.builtins
                0x00000000        0x0 c:/program files (x86)/atmel/studio/7.0/toolchain/avr8/avr8-gnu-toolchain/bin/../lib/gcc/avr/5.4.0/avr5\libgcc.a(_copy_data.o)
 .text.libgcc.fmul
                0x00000000        0x0 c:/program files (x86)/atmel/studio/7.0/toolchain/avr8/avr8-gnu-toolchain/bin/../lib/gcc/avr/5.4.0/avr5\libgcc.a(_copy_data.o)
 .text.libgcc.fixed
                0x00000000        0x0 c:/program files (x86)/atmel/studio/7.0/toolchain/avr8/avr8-gnu-toolchain/bin/../lib/gcc/avr/5.4.0/avr5\libgcc.a(_copy_data.o)
 .text          0x00000000        0x0 c:/program files (x86)/atmel/studio/7.0/toolchain/avr8/avr8-gnu-toolchain/bin/../lib/gcc/avr/5.4.0/avr5\libgcc.a(_clear_bss.o)
 .data          0x00000000        0x0 c:/program files (x86)/atmel/studio/7.0/toolchain/avr8/avr8-gnu-toolchain/bin/../lib/gcc/avr/5.4.0/avr5\libgcc.a(_clear_bss.o)
 .bss           0x00000000        0x0 c:/program files (x86)/atmel/studio/7.0/toolchain/avr8/avr8-gnu-toolchain/bin/../lib/gcc/avr/5.4.0/avr5\libgcc.a(_clear_bss.o)
 .text.libgcc.mul
                0x00000000        0x0 c:/program files (x86)/atmel/studio/7.0/toolchain/avr8/avr8-gnu-toolchain/bin/../lib/gcc/avr/5.4.0/avr5\libgcc.a(_clear_bss.o)
 .text.libgcc.div
                0x00000000        0x0 c:/program files (x86)/atmel/studio/7.0/toolchain/avr8/avr8-gnu-toolchain/bin/../lib/gcc/avr/5.4.0/avr5\libgcc.a(_clear_bss.o)
 .text.libgcc   0x00000000        0x0 c:/program files (x86)/atmel/studio/7.0/toolchain/avr8/avr8-gnu-toolchain/bin/../lib/gcc/avr/5.4.0/avr5\libgcc.a(_clear_bss.o)
 .text.libgcc.prologue
                0x00000000        0x0 c:/program files (x86)/atmel/studio/7.0/toolchain/avr8/avr8-gnu-toolchain/bin/../lib/gcc/avr/5.4.0/avr5\libgcc.a(_clear_bss.o)
 .text.libgcc.builtins
                0x00000000        0x0 c:/program files (x86)/atmel/studio/7.0/toolchain/avr8/avr8-gnu-toolchain/bin/../lib/gcc/avr/5.4.0/avr5\libgcc.a(_clear_bss.o)
 .text.libgcc.fmul
                0x00000000        0x0 c:/program files (x86)/atmel/studio/7.0/toolchain/avr8/avr8-gnu-toolchain/bin/../lib/gcc/avr/5.4.0/avr5\libgcc.a(_clear_bss.o)
 .text.libgcc.fixed
                0x00000000        0x0 c:/program files (x86)/atmel/studio/7.0/toolchain/avr8/avr8-gnu-toolchain/bin/../lib/gcc/avr/5.4.0/avr5\libgcc.a(_clear_bss.o)
 .text          0x00000000        0x0 c:/program files (x86)/atmel/studio/7.0/toolchain/avr8/avr8-gnu-toolchain/bin/../lib/gcc/avr/5.4.0/avr5\libgcc.a(_udivmodhi4.o)
 .data          0x00000000        0x0 c:/program files (x86)/atmel/studio/7.0/toolchain/avr8/avr8-gnu-toolchain/bin/../lib/gcc/avr/5.4.0/avr5\libgcc.a(_udivmodhi4.o)
 .bss           0x00000000        0x0 c:/program files (x86)/atmel/studio/7.0/toolchain/avr8/avr8-gnu-toolchain/bin/../lib/gcc/avr/5.4.0/avr5\libgcc.a(_udivmodhi4.o)
 .text.libgcc.mul
                0x00000000        0x0 c:/program files (x86)/atmel/studio/7.0/toolchain/avr8/avr8-gnu-toolchain/bin/../lib/gcc/avr/5.4.0/avr5\libgcc.a(_udivmodhi4.o)
 .text.libgcc   0x00000000        0x0 c:/program files (x86)/atmel/studio/7.0/toolchain/avr8/avr8-gnu-toolchain/bin/../lib/gcc/avr/5.4.0/avr5\libgcc.a(_udivmodhi4.o)
 .text.libgcc.prologue
                0x00000000        0x0 c:/program files (x86)/atmel/studio/7.0/toolchain/avr8/avr8-gnu-toolchain/bin/../lib/gcc/avr/5.4.0/avr5\libgcc.a(_udivmodhi4.o)
 .text.libgcc.builtins
                0x00000000        0x0 c:/program files (x86)/atmel/studio/7.0/toolchain/avr8/avr8-gnu-toolchain/bin/../lib/gcc/avr/5.4.0/avr5\libgcc.a(_udivmodhi4.o)
 .text.libgcc.fmul
                0x00000000        0x0 c:/program files (x86)/atmel/studio/7.0/toolchain/avr8/avr8-gnu-toolchain/bin/../lib/gcc/avr/5.4.0/avr5\libgcc.a(_udivmodhi4.o)
 .text.libgcc.fixed
                0x00000000        0x0 c:/program files (x86)/atmel/studio/7.0/toolchain/avr8/avr8-gnu-toolchain/bin/../lib/gcc/avr/5.4.0/avr5\libgcc.a(_udivmodhi4.o)

Memory Configuration

Name             Origin             Length             Attributes
text             0x00000000         0x00020000         xr
data             0x00800060         0x0000ffa0         rw !x
eeprom           0x00810000         0x00010000         rw !x
fuse             0x00820000         0x00000002         rw !x
lock             0x00830000         0x00000400         rw !x
signature        0x00840000         0x00000400         rw !x
user_signatures  0x00850000         0x00000400         rw !x
*default*        0x00000000         0xffffffff

Linker script and memory map

LOAD C:/Program Files (x86)/Atmel/Studio/7.0/Packs/atmel/ATmega_DFP/1.3.300/gcc/dev/atmega32/avr5/crtatmega32.o
LOAD ASCG_Program.o
LOAD library/DHT11/DHT11_Program.o
LOAD library/DIO/DIO_Program.o
LOAD library/EXIT/EXIT_Program.o
LOAD library/LCD/lcd_hd44780_avr.o
LOAD library/TIMER0/TIMER_Program.o
LOAD library/TIMER1/TIMER1_Program.o
LOAD main.o
START GROUP
LOAD c:/program files (x86)/atmel/studio/7.0/toolchain/avr8/avr8-gnu-toolchain/bin/../lib/gcc/avr/5.4.0/../../../../avr/lib/avr5\libm.a
END GROUP
START GROUP
LOAD c:/program files (x86)/atmel/studio/7.0/toolchain/avr8/avr8-gnu-toolchain/bin/../lib/gcc/avr/5.4.0/avr5\libgcc.a
LOAD c:/program files (x86)/atmel/studio/7.0/toolchain/avr8/avr8-gnu-toolchain/bin/../lib/gcc/avr/5.4.0/../../../../avr/lib/avr5\libm.a
LOAD c:/program files (x86)/atmel/studio/7.0/toolchain/avr8/avr8-gnu-toolchain/bin/../lib/gcc/avr/5.4.0/../../../../avr/lib/avr5\libc.a
LOAD C:/Program Files (x86)/Atmel/Studio/7.0/Packs/atmel/ATmega_DFP/1.3.300/gcc/dev/atmega32/avr5\libatmega32.a
END GROUP
                0x00000000                __TEXT_REGION_ORIGIN__ = DEFINED (__TEXT_REGION_ORIGIN__)?__TEXT_REGION_ORIGIN__:0x0
                0x00800060                __DATA_REGION_ORIGIN__ = DEFINED (__DATA_REGION_ORIGIN__)?__DATA_REGION_ORIGIN__:0x800060
                0x00020000                __TEXT_REGION_LENGTH__ = DEFINED (__TEXT_REGION_LENGTH__)?__TEXT_REGION_LENGTH__:0x20000
                0x0000ffa0                __DATA_REGION_LENGTH__ = DEFINED (__DATA_REGION_LENGTH__)?__DATA_REGION_LENGTH__:0xffa0
                0x00010000                __EEPROM_REGION_LENGTH__ = DEFINED (__EEPROM_REGION_LENGTH__)?__EEPROM_REGION_LENGTH__:0x10000
                [0x00000002]                __FUSE_REGION_LENGTH__ = DEFINED (__FUSE_REGION_LENGTH__)?__FUSE_REGION_LENGTH__:0x400
                0x00000400                __LOCK_REGION_LENGTH__ = DEFINED (__LOCK_REGION_LENGTH__)?__LOCK_REGION_LENGTH__:0x400
                0x00000400                __SIGNATURE_REGION_LENGTH__ = DEFINED (__SIGNATURE_REGION_LENGTH__)?__SIGNATURE_REGION_LENGTH__:0x400
                0x00000400                __USER_SIGNATURE_REGION_LENGTH__ = DEFINED (__USER_SIGNATURE_REGION_LENGTH__)?__USER_SIGNATURE_REGION_LENGTH__:0x400

.hash
 *(.hash)

.dynsym
 *(.dynsym)

.dynstr
 *(.dynstr)

.gnu.version
 *(.gnu.version)

.gnu.version_d
 *(.gnu.version_d)

.gnu.version_r
 *(.gnu.version_r)

.rel.init
 *(.rel.init)

.rela.init
 *(.rela.init)

.rel.text
 *(.rel.text)
 *(.rel.text.*)
 *(.rel.gnu.linkonce.t*)

.rela.text
 *(.rela.text)
 *(.rela.text.*)
 *(.rela.gnu.linkonce.t*)

.rel.fini
 *(.rel.fini)

.rela.fini
 *(.rela.fini)

.rel.rodata
 *(.rel.rodata)
 *(.rel.rodata.*)
 *(.rel.gnu.linkonce.r*)

.rela.rodata
 *(.rela.rodata)
 *(.rela.rodata.*)
 *(.rela.gnu.linkonce.r*)

.rel.data
 *(.rel.data)
 *(.rel.data.*)
 *(.rel.gnu.linkonce.d*)

.rela.data
 *(.rela.data)
 *(.rela.data.*)
 *(.rela.gnu.linkonce.d*)

.rel.ctors
 *(.rel.ctors)

.rela.ctors
 *(.rela.ctors)

.rel.dtors
 *(.rel.dtors)

.rela.dtors
 *(.rela.dtors)

.rel.got
 *(.rel.got)

.rela.got
 *(.rela.got)

.rel.bss
 *(.rel.bss)

.rela.bss
 *(.rela.bss)

.rel.plt
 *(.rel.plt)

.rela.plt
 *(.rela.plt)

.text           0x00000000      0xb30
 *(.vectors)
 .vectors       0x00000000       0x54 C:/Program Files (x86)/Atmel/Studio/7.0/Packs/atmel/ATmega_DFP/1.3.300/gcc/dev/atmega32/avr5/crtatmega32.o
                0x00000000                __vector_default
                0x00000000                __vectors
 *(.vectors)
 *(.progmem.gcc*)
                0x00000054                . = ALIGN (0x2)
                0x00000054                __trampolines_start = .
 *(.trampolines)
 .trampolines   0x00000054        0x0 linker stubs
 *(.trampolines*)
                0x00000054                __trampolines_end = .
 *libprintf_flt.a:*(.progmem.data)
 *libc.a:*(.progmem.data)
 *(.progmem*)
                0x00000054                . = ALIGN (0x2)
 *(.jumptables)
 *(.jumptables*)
 *(.lowtext)
 *(.lowtext*)
                0x00000054                __ctors_start = .
 *(.ctors)
                0x00000054                __ctors_end = .
                0x00000054                __dtors_start = .
 *(.dtors)
                0x00000054                __dtors_end = .
 SORT(*)(.ctors)
 SORT(*)(.dtors)
 *(.init0)
 .init0         0x00000054        0x0 C:/Program Files (x86)/Atmel/Studio/7.0/Packs/atmel/ATmega_DFP/1.3.300/gcc/dev/atmega32/avr5/crtatmega32.o
                0x00000054                __init
 *(.init0)
 *(.init1)
 *(.init1)
 *(.init2)
 .init2         0x00000054        0xc C:/Program Files (x86)/Atmel/Studio/7.0/Packs/atmel/ATmega_DFP/1.3.300/gcc/dev/atmega32/avr5/crtatmega32.o
 *(.init2)
 *(.init3)
 *(.init3)
 *(.init4)
 .init4         0x00000060       0x16 c:/program files (x86)/atmel/studio/7.0/toolchain/avr8/avr8-gnu-toolchain/bin/../lib/gcc/avr/5.4.0/avr5\libgcc.a(_copy_data.o)
                0x00000060                __do_copy_data
 .init4         0x00000076       0x10 c:/program files (x86)/atmel/studio/7.0/toolchain/avr8/avr8-gnu-toolchain/bin/../lib/gcc/avr/5.4.0/avr5\libgcc.a(_clear_bss.o)
                0x00000076                __do_clear_bss
 *(.init4)
 *(.init5)
 *(.init5)
 *(.init6)
 *(.init6)
 *(.init7)
 *(.init7)
 *(.init8)
 *(.init8)
 *(.init9)
 .init9         0x00000086        0x8 C:/Program Files (x86)/Atmel/Studio/7.0/Packs/atmel/ATmega_DFP/1.3.300/gcc/dev/atmega32/avr5/crtatmega32.o
 *(.init9)
 *(.text)
 .text          0x0000008e        0x4 C:/Program Files (x86)/Atmel/Studio/7.0/Packs/atmel/ATmega_DFP/1.3.300/gcc/dev/atmega32/avr5/crtatmega32.o
                0x0000008e                __vector_12
                0x0000008e                __bad_interrupt
                0x0000008e                __vector_6
                0x0000008e                __vector_13
                0x0000008e                __vector_17
                0x0000008e                __vector_19
                0x0000008e                __vector_5
                0x0000008e                __vector_4
                0x0000008e                __vector_9
                0x0000008e                __vector_15
                0x0000008e                __vector_8
                0x0000008e                __vector_14
                0x0000008e                __vector_10
                0x0000008e                __vector_16
                0x0000008e                __vector_18
                0x0000008e                __vector_20
                0x00000092                . = ALIGN (0x2)
 *(.text.*)
 .text.DIO_VidSetPinDirection
                0x00000092       0xe0 library/DIO/DIO_Program.o
                0x00000092                DIO_VidSetPinDirection
 .text.DIO_VidSetPinValue
                0x00000172       0xe0 library/DIO/DIO_Program.o
                0x00000172                DIO_VidSetPinValue
 .text.DIO_u8GetPinValue
                0x00000252       0x62 library/DIO/DIO_Program.o
                0x00000252                DIO_u8GetPinValue
 .text.EXIT0_VidInit
                0x000002b4       0x1a library/EXIT/EXIT_Program.o
                0x000002b4                EXIT0_VidInit
 .text.EXIT1_VidInit
                0x000002ce       0x1a library/EXIT/EXIT_Program.o
                0x000002ce                EXIT1_VidInit
 .text.EXIT2_VidInit
                0x000002e8       0x1a library/EXIT/EXIT_Program.o
                0x000002e8                EXIT2_VidInit
 .text.EXIT0_VoidSetCallBack
                0x00000302        0xa library/EXIT/EXIT_Program.o
                0x00000302                EXIT0_VoidSetCallBack
 .text.EXIT1_VoidSetCallBack
                0x0000030c        0xa library/EXIT/EXIT_Program.o
                0x0000030c                EXIT1_VoidSetCallBack
 .text.EXIT2_VoidSetCallBack
                0x00000316        0xa library/EXIT/EXIT_Program.o
                0x00000316                EXIT2_VoidSetCallBack
 .text.__vector_1
                0x00000320       0x52 library/EXIT/EXIT_Program.o
                0x00000320                __vector_1
 .text.__vector_2
                0x00000372       0x52 library/EXIT/EXIT_Program.o
                0x00000372                __vector_2
 .text.__vector_3
                0x000003c4       0x58 library/EXIT/EXIT_Program.o
                0x000003c4                __vector_3
 .text.LCDBusyLoop
                0x0000041c       0x66 library/LCD/lcd_hd44780_avr.o
                0x0000041c                LCDBusyLoop
 .text.LCDByte  0x00000482       0x64 library/LCD/lcd_hd44780_avr.o
                0x00000482                LCDByte
 .text.LCDInit  0x000004e6       0xa8 library/LCD/lcd_hd44780_avr.o
                0x000004e6                LCDInit
 .text.LCDWriteString
                0x0000058e       0x5e library/LCD/lcd_hd44780_avr.o
                0x0000058e                LCDWriteString
 .text.LCDWriteInt
                0x000005ec       0xdc library/LCD/lcd_hd44780_avr.o
                0x000005ec                LCDWriteInt
 .text.LCDGotoXY
                0x000006c8       0x24 library/LCD/lcd_hd44780_avr.o
                0x000006c8                LCDGotoXY
 .text.TIMER0_VidInit
                0x000006ec       0x2c library/TIMER0/TIMER_Program.o
                0x000006ec                TIMER0_VidInit
 .text.__vector_11
                0x00000718       0x68 library/TIMER0/TIMER_Program.o
                0x00000718                __vector_11
 .text.TIMER1_VoidInit
                0x00000780       0x96 library/TIMER1/TIMER1_Program.o
                0x00000780                TIMER1_VoidInit
 .text.TIMER1_VoidSetCallBack
                0x00000816        0xa library/TIMER1/TIMER1_Program.o
                0x00000816                TIMER1_VoidSetCallBack
 .text.__vector_7
                0x00000820       0x64 library/TIMER1/TIMER1_Program.o
                0x00000820                __vector_7
 .text.CountUP  0x00000884       0x8c main.o
                0x00000884                CountUP
 .text.Feeder   0x00000910       0x26 main.o
                0x00000910                Feeder
 .text.Clean    0x00000936       0x3a main.o
                0x00000936                Clean
 .text.Water    0x00000970       0x4c main.o
                0x00000970                Water
 .text.LCD_Print_Welcome_msg
                0x000009bc       0x4e main.o
                0x000009bc                LCD_Print_Welcome_msg
 .text.CheckFood
                0x00000a0a       0x2e main.o
                0x00000a0a                CheckFood
 .text.main     0x00000a38       0xa4 main.o
                0x00000a38                main
 .text.libgcc.div
                0x00000adc       0x28 c:/program files (x86)/atmel/studio/7.0/toolchain/avr8/avr8-gnu-toolchain/bin/../lib/gcc/avr/5.4.0/avr5\libgcc.a(_divmodhi4.o)
                0x00000adc                _div
                0x00000adc                __divmodhi4
 .text.libgcc.div
                0x00000b04       0x28 c:/program files (x86)/atmel/studio/7.0/toolchain/avr8/avr8-gnu-toolchain/bin/../lib/gcc/avr/5.4.0/avr5\libgcc.a(_udivmodhi4.o)
                0x00000b04                __udivmodhi4
                0x00000b2c                . = ALIGN (0x2)
 *(.fini9)
 .fini9         0x00000b2c        0x0 c:/program files (x86)/atmel/studio/7.0/toolchain/avr8/avr8-gnu-toolchain/bin/../lib/gcc/avr/5.4.0/avr5\libgcc.a(_exit.o)
                0x00000b2c                _exit
                0x00000b2c                exit
 *(.fini9)
 *(.fini8)
 *(.fini8)
 *(.fini7)
 *(.fini7)
 *(.fini6)
 *(.fini6)
 *(.fini5)
 *(.fini5)
 *(.fini4)
 *(.fini4)
 *(.fini3)
 *(.fini3)
 *(.fini2)
 *(.fini2)
 *(.fini1)
 *(.fini1)
 *(.fini0)
 .fini0         0x00000b2c        0x4 c:/program files (x86)/atmel/studio/7.0/toolchain/avr8/avr8-gnu-toolchain/bin/../lib/gcc/avr/5.4.0/avr5\libgcc.a(_exit.o)
 *(.fini0)
                0x00000b30                _etext = .

.data           0x00800060       0x64 load address 0x00000b30
                0x00800060                PROVIDE (__data_start, .)
 *(.data)
 *(.data*)
 .data.__cgram  0x00800060       0x40 library/LCD/lcd_hd44780_avr.o
                0x00800060                __cgram
 *(.gnu.linkonce.d*)
 *(.rodata)
 *(.rodata*)
 .rodata.str1.1
                0x008000a0       0x23 main.o
 *(.gnu.linkonce.r*)
                0x008000c4                . = ALIGN (0x2)
 *fill*         0x008000c3        0x1 
                0x008000c4                _edata = .
                0x008000c4                PROVIDE (__data_end, .)

.bss            0x008000c4       0x1a
                0x008000c4                PROVIDE (__bss_start, .)
 *(.bss)
 *(.bss*)
 .bss.EXIT2_PVidCallBack
                0x008000c4        0x2 library/EXIT/EXIT_Program.o
 .bss.EXIT1_PVidCallBack
                0x008000c6        0x2 library/EXIT/EXIT_Program.o
 .bss.EXIT0_PVidCallBack
                0x008000c8        0x2 library/EXIT/EXIT_Program.o
 .bss.counter.1594
                0x008000ca        0x1 library/TIMER0/TIMER_Program.o
 .bss.TIMER0_PVidCallBack
                0x008000cb        0x2 library/TIMER0/TIMER_Program.o
 .bss.counter.1591
                0x008000cd        0x1 library/TIMER1/TIMER1_Program.o
 .bss.TIMER1_PVidCallBack
                0x008000ce        0x2 library/TIMER1/TIMER1_Program.o
 .bss.TempCounter
                0x008000d0        0x2 main.o
 .bss.CleanCounter
                0x008000d2        0x4 main.o
 .bss.WaterCounter
                0x008000d6        0x4 main.o
 .bss.FoodCounter
                0x008000da        0x4 main.o
 *(COMMON)
                0x008000de                PROVIDE (__bss_end, .)
                0x00000b30                __data_load_start = LOADADDR (.data)
                0x00000b94                __data_load_end = (__data_load_start + SIZEOF (.data))

.noinit         0x008000de        0x0
                [!provide]                PROVIDE (__noinit_start, .)
 *(.noinit*)
                [!provide]                PROVIDE (__noinit_end, .)
                0x008000de                _end = .
                [!provide]                PROVIDE (__heap_start, .)

.eeprom         0x00810000        0x0
 *(.eeprom*)
                0x00810000                __eeprom_end = .

.fuse
 *(.fuse)
 *(.lfuse)
 *(.hfuse)
 *(.efuse)

.lock
 *(.lock*)

.signature
 *(.signature*)

.user_signatures
 *(.user_signatures*)

.stab
 *(.stab)

.stabstr
 *(.stabstr)

.stab.excl
 *(.stab.excl)

.stab.exclstr
 *(.stab.exclstr)

.stab.index
 *(.stab.index)

.stab.indexstr
 *(.stab.indexstr)

.comment        0x00000000       0x30
 *(.comment)
 .comment       0x00000000       0x30 library/DIO/DIO_Program.o
                                 0x31 (size before relaxing)
 .comment       0x00000030       0x31 library/EXIT/EXIT_Program.o
 .comment       0x00000030       0x31 library/LCD/lcd_hd44780_avr.o
 .comment       0x00000030       0x31 library/TIMER0/TIMER_Program.o
 .comment       0x00000030       0x31 library/TIMER1/TIMER1_Program.o
 .comment       0x00000030       0x31 main.o

.note.gnu.avr.deviceinfo
                0x00000000       0x3c
 .note.gnu.avr.deviceinfo
                0x00000000       0x3c C:/Program Files (x86)/Atmel/Studio/7.0/Packs/atmel/ATmega_DFP/1.3.300/gcc/dev/atmega32/avr5/crtatmega32.o

.note.gnu.build-id
 *(.note.gnu.build-id)

.debug
 *(.debug)

.line
 *(.line)

.debug_srcinfo
 *(.debug_srcinfo)

.debug_sfnames
 *(.debug_sfnames)

.debug_aranges  0x00000000      0x1e8
 *(.debug_aranges)
 .debug_aranges
                0x00000000       0x48 library/DIO/DIO_Program.o
 .debug_aranges
                0x00000048       0x70 library/EXIT/EXIT_Program.o
 .debug_aranges
                0x000000b8       0x50 library/LCD/lcd_hd44780_avr.o
 .debug_aranges
                0x00000108       0x38 library/TIMER0/TIMER_Program.o
 .debug_aranges
                0x00000140       0x30 library/TIMER1/TIMER1_Program.o
 .debug_aranges
                0x00000170       0x78 main.o

.debug_pubnames
 *(.debug_pubnames)

.debug_info     0x00000000     0x1ea6
 *(.debug_info .gnu.linkonce.wi.*)
 .debug_info    0x00000000      0x4e6 C:/Program Files (x86)/Atmel/Studio/7.0/Packs/atmel/ATmega_DFP/1.3.300/gcc/dev/atmega32/avr5/crtatmega32.o
 .debug_info    0x000004e6      0x1db library/DIO/DIO_Program.o
 .debug_info    0x000006c1      0x1f3 library/EXIT/EXIT_Program.o
 .debug_info    0x000008b4      0x943 library/LCD/lcd_hd44780_avr.o
 .debug_info    0x000011f7      0x13b library/TIMER0/TIMER_Program.o
 .debug_info    0x00001332      0x11e library/TIMER1/TIMER1_Program.o
 .debug_info    0x00001450      0xa56 main.o

.debug_abbrev   0x00000000      0xb3b
 *(.debug_abbrev)
 .debug_abbrev  0x00000000      0x4a3 C:/Program Files (x86)/Atmel/Studio/7.0/Packs/atmel/ATmega_DFP/1.3.300/gcc/dev/atmega32/avr5/crtatmega32.o
 .debug_abbrev  0x000004a3       0xa9 library/DIO/DIO_Program.o
 .debug_abbrev  0x0000054c       0xa6 library/EXIT/EXIT_Program.o
 .debug_abbrev  0x000005f2      0x25d library/LCD/lcd_hd44780_avr.o
 .debug_abbrev  0x0000084f       0xb1 library/TIMER0/TIMER_Program.o
 .debug_abbrev  0x00000900       0xb1 library/TIMER1/TIMER1_Program.o
 .debug_abbrev  0x000009b1      0x18a main.o

.debug_line     0x00000000     0x1072
 *(.debug_line .debug_line.* .debug_line_end)
 .debug_line    0x00000000      0x115 C:/Program Files (x86)/Atmel/Studio/7.0/Packs/atmel/ATmega_DFP/1.3.300/gcc/dev/atmega32/avr5/crtatmega32.o
 .debug_line    0x00000115      0x1cd library/DIO/DIO_Program.o
 .debug_line    0x000002e2      0x1b8 library/EXIT/EXIT_Program.o
 .debug_line    0x0000049a      0x4f4 library/LCD/lcd_hd44780_avr.o
 .debug_line    0x0000098e      0x105 library/TIMER0/TIMER_Program.o
 .debug_line    0x00000a93      0x122 library/TIMER1/TIMER1_Program.o
 .debug_line    0x00000bb5      0x4bd main.o

.debug_frame    0x00000000      0x4ec
 *(.debug_frame)
 .debug_frame   0x00000000       0x74 library/DIO/DIO_Program.o
 .debug_frame   0x00000074      0x19c library/EXIT/EXIT_Program.o
 .debug_frame   0x00000210       0xe0 library/LCD/lcd_hd44780_avr.o
 .debug_frame   0x000002f0       0x9c library/TIMER0/TIMER_Program.o
 .debug_frame   0x0000038c       0x8c library/TIMER1/TIMER1_Program.o
 .debug_frame   0x00000418       0xd4 main.o

.debug_str      0x00000000      0x7ce
 *(.debug_str)
 .debug_str     0x00000000      0x196 C:/Program Files (x86)/Atmel/Studio/7.0/Packs/atmel/ATmega_DFP/1.3.300/gcc/dev/atmega32/avr5/crtatmega32.o
 .debug_str     0x00000196      0x1d0 library/DIO/DIO_Program.o
                                0x20e (size before relaxing)
 .debug_str     0x00000366      0x142 library/EXIT/EXIT_Program.o
                                0x28b (size before relaxing)
 .debug_str     0x000004a8      0x124 library/LCD/lcd_hd44780_avr.o
                                0x288 (size before relaxing)
 .debug_str     0x000005cc       0x8a library/TIMER0/TIMER_Program.o
                                0x209 (size before relaxing)
 .debug_str     0x00000656       0x69 library/TIMER1/TIMER1_Program.o
                                0x1f0 (size before relaxing)
 .debug_str     0x000006bf      0x10f main.o
                                0x3ec (size before relaxing)

.debug_loc      0x00000000     0x12c7
 *(.debug_loc)
 .debug_loc     0x00000000      0x2ac library/DIO/DIO_Program.o
 .debug_loc     0x000002ac      0x261 library/EXIT/EXIT_Program.o
 .debug_loc     0x0000050d      0xa50 library/LCD/lcd_hd44780_avr.o
 .debug_loc     0x00000f5d       0xcb library/TIMER0/TIMER_Program.o
 .debug_loc     0x00001028       0xcb library/TIMER1/TIMER1_Program.o
 .debug_loc     0x000010f3      0x1d4 main.o

.debug_macinfo
 *(.debug_macinfo)

.debug_weaknames
 *(.debug_weaknames)

.debug_funcnames
 *(.debug_funcnames)

.debug_typenames
 *(.debug_typenames)

.debug_varnames
 *(.debug_varnames)

.debug_pubtypes
 *(.debug_pubtypes)

.debug_ranges   0x00000000      0x188
 *(.debug_ranges)
 .debug_ranges  0x00000000       0x38 library/DIO/DIO_Program.o
 .debug_ranges  0x00000038       0x60 library/EXIT/EXIT_Program.o
 .debug_ranges  0x00000098       0x40 library/LCD/lcd_hd44780_avr.o
 .debug_ranges  0x000000d8       0x28 library/TIMER0/TIMER_Program.o
 .debug_ranges  0x00000100       0x20 library/TIMER1/TIMER1_Program.o
 .debug_ranges  0x00000120       0x68 main.o

.debug_macro
 *(.debug_macro)
OUTPUT(SmartCage.elf elf32-avr)
LOAD linker stubs
